#-----------------------------------------------------------
# Vivado v2014.2 (64-bit)
# SW Build 932637 on Wed Jun 11 13:30:22 MDT 2014
# IP Build 924643 on Fri May 30 09:20:16 MDT 2014
# Start of session at: Sun Jun 24 21:37:41 2018
# Process ID: 14716
# Log file: D:/Vivado_projects/Multicycle_CPU_Basys3_Bakeup/vivado.log
# Journal file: D:/Vivado_projects/Multicycle_CPU_Basys3_Bakeup\vivado.jou
#-----------------------------------------------------------
start_gui
open_project {D:\Vivado_projects\Multicycle_CPU_Basys3_Bakeup\Multicycle_CPU.xpr}
close [ open D:/Vivado_projects/Multicycle_CPU_Basys3_Bakeup/Multicycle_CPU.srcs/constrs_1/new/Multicycle_CPU_Constrs.xdc w ]
add_files -fileset constrs_1 D:/Vivado_projects/Multicycle_CPU_Basys3_Bakeup/Multicycle_CPU.srcs/constrs_1/new/Multicycle_CPU_Constrs.xdc
close [ open D:/Vivado_projects/Multicycle_CPU_Basys3_Bakeup/Multicycle_CPU.srcs/sources_1/new/clock_div.v w ]
add_files D:/Vivado_projects/Multicycle_CPU_Basys3_Bakeup/Multicycle_CPU.srcs/sources_1/new/clock_div.v
update_compile_order -fileset sources_1
close [ open D:/Vivado_projects/Multicycle_CPU_Basys3_Bakeup/Multicycle_CPU.srcs/sources_1/new/EliminationBuffet.v w ]
add_files D:/Vivado_projects/Multicycle_CPU_Basys3_Bakeup/Multicycle_CPU.srcs/sources_1/new/EliminationBuffet.v
update_compile_order -fileset sources_1
update_compile_order -fileset sources_1
close [ open D:/Vivado_projects/Multicycle_CPU_Basys3_Bakeup/Multicycle_CPU.srcs/sources_1/new/Display.v w ]
add_files D:/Vivado_projects/Multicycle_CPU_Basys3_Bakeup/Multicycle_CPU.srcs/sources_1/new/Display.v
update_compile_order -fileset sources_1
update_compile_order -fileset sources_1
remove_files D:/Vivado_projects/Multicycle_CPU_Basys3_Bakeup/Multicycle_CPU.srcs/sources_1/new/clock_div.v
set_property target_constrs_file D:/Vivado_projects/Multicycle_CPU_Basys3_Bakeup/Multicycle_CPU.srcs/constrs_1/new/Multicycle_CPU_Constrs.xdc [current_fileset -constrset]
reset_run synth_1
launch_runs synth_1
wait_on_run synth_1
launch_runs impl_1
wait_on_run impl_1
launch_runs impl_1 -to_step write_bitstream
wait_on_run impl_1
synth_design -rtl -name rtl_1
report_drc -name drc_1
reorder_files -fileset constrs_1 -before D:/Vivado_projects/Multicycle_CPU_Basys3_Bakeup/Multicycle_CPU.srcs/constrs_1/new/Multicycle_CPU_Constrs.xdc D:/Vivado_projects/Multicycle_CPU_Basys3_Bakeup/Multicycle_CPU.srcs/constrs_1/new/Multicycle_CPU_Constrs.xdc
reset_run synth_1
launch_runs synth_1
wait_on_run synth_1
launch_runs impl_1
wait_on_run impl_1
launch_runs impl_1 -to_step write_bitstream
wait_on_run impl_1
refresh_design
show_objects -name store [get_cells -hierarchical -filter { PRIMITIVE_TYPE =~ RTL_GATE.*.* } ]
show_objects -name store [get_cells -hierarchical -filter { PRIMITIVE_TYPE =~ RTL_GATE.*.* } ]
reset_run synth_1
launch_runs impl_1 -to_step write_bitstream
wait_on_run impl_1
open_hw
connect_hw_server -host localhost -port 60001 -url localhost:3121
current_hw_target [get_hw_targets */xilinx_tcf/Digilent/210183796003A]
set_property PARAM.FREQUENCY 15000000 [get_hw_targets */xilinx_tcf/Digilent/210183796003A]
open_hw_target
set_property PROGRAM.FILE {D:/Vivado_projects/Multicycle_CPU_Basys3_Bakeup/Multicycle_CPU.runs/impl_1/Multicycle_CPU.bit} [lindex [get_hw_devices] 0]
set_property PROBES.FILE {D:/Vivado_projects/Multicycle_CPU_Basys3_Bakeup/Multicycle_CPU.runs/impl_1/debug_nets.ltx} [lindex [get_hw_devices] 0]
current_hw_device [lindex [get_hw_devices] 0]
refresh_hw_device -update_hw_probes false [lindex [get_hw_devices] 0]
set_property PROBES.FILE {D:/Vivado_projects/Multicycle_CPU_Basys3_Bakeup/Multicycle_CPU.runs/impl_1/debug_nets.ltx} [lindex [get_hw_devices] 0]
set_property PROGRAM.FILE {D:/Vivado_projects/Multicycle_CPU_Basys3_Bakeup/Multicycle_CPU.runs/impl_1/Multicycle_CPU.bit} [lindex [get_hw_devices] 0]
program_hw_devices [lindex [get_hw_devices] 0]
refresh_hw_device [lindex [get_hw_devices] 0]
reset_run synth_1
launch_runs impl_1 -to_step write_bitstream
wait_on_run impl_1
refresh_hw_device [lindex [get_hw_devices] 0]
set_property PROBES.FILE {D:/Vivado_projects/Multicycle_CPU_Basys3_Bakeup/Multicycle_CPU.runs/impl_1/debug_nets.ltx} [lindex [get_hw_devices] 0]
set_property PROGRAM.FILE {D:/Vivado_projects/Multicycle_CPU_Basys3_Bakeup/Multicycle_CPU.runs/impl_1/Multicycle_CPU.bit} [lindex [get_hw_devices] 0]
program_hw_devices [lindex [get_hw_devices] 0]
refresh_hw_device [lindex [get_hw_devices] 0]
reset_run synth_1
launch_runs impl_1 -to_step write_bitstream
wait_on_run impl_1
refresh_hw_device [lindex [get_hw_devices] 0]
set_property PROBES.FILE {D:/Vivado_projects/Multicycle_CPU_Basys3_Bakeup/Multicycle_CPU.runs/impl_1/debug_nets.ltx} [lindex [get_hw_devices] 0]
set_property PROGRAM.FILE {D:/Vivado_projects/Multicycle_CPU_Basys3_Bakeup/Multicycle_CPU.runs/impl_1/Multicycle_CPU.bit} [lindex [get_hw_devices] 0]
program_hw_devices [lindex [get_hw_devices] 0]
refresh_hw_device [lindex [get_hw_devices] 0]
reset_run synth_1
launch_runs impl_1 -to_step write_bitstream
wait_on_run impl_1
refresh_hw_device [lindex [get_hw_devices] 0]
set_property PROBES.FILE {D:/Vivado_projects/Multicycle_CPU_Basys3_Bakeup/Multicycle_CPU.runs/impl_1/debug_nets.ltx} [lindex [get_hw_devices] 0]
set_property PROGRAM.FILE {D:/Vivado_projects/Multicycle_CPU_Basys3_Bakeup/Multicycle_CPU.runs/impl_1/Multicycle_CPU.bit} [lindex [get_hw_devices] 0]
program_hw_devices [lindex [get_hw_devices] 0]
refresh_hw_device [lindex [get_hw_devices] 0]
reset_run synth_1
launch_runs impl_1 -to_step write_bitstream
wait_on_run impl_1
refresh_hw_device [lindex [get_hw_devices] 0]
set_property PROBES.FILE {D:/Vivado_projects/Multicycle_CPU_Basys3_Bakeup/Multicycle_CPU.runs/impl_1/debug_nets.ltx} [lindex [get_hw_devices] 0]
set_property PROGRAM.FILE {D:/Vivado_projects/Multicycle_CPU_Basys3_Bakeup/Multicycle_CPU.runs/impl_1/Multicycle_CPU.bit} [lindex [get_hw_devices] 0]
program_hw_devices [lindex [get_hw_devices] 0]
refresh_hw_device [lindex [get_hw_devices] 0]
